\begin{minipage}{0.1in}
\strut\special{dvisvgm:bbox new formula}\special{dvisvgm:raw<!--start {?x} {?y} -->}E_0=mc^2

\special{dvisvgm:raw<!--bbox {?bbox formula} -->}
\end{minipage}
