{$\displaystyle
\special{dvisvgm:bbox new formula}
\special{dvisvgm:raw<!--start {?x} {?y} -->}
T^{\mu\nu}=\begin{pmatrix}
\varepsilon&0&0&0\\
0&\varepsilon/3&0&0\\
0&0&\varepsilon/3&0\\
0&0&0&\varepsilon/3
\end{pmatrix},
$
\special{dvisvgm:raw<!--bbox {?bbox formula} -->}}
